2025-07-07 12:22:00 | DEBUG | repo=system-int | action=commit
2025-11-03 07:35:00 | DEBUG | repo=system-int | action=pull
2025-01-25 07:50:00 | INFO | repo=system-int | action=commit
2025-03-13 13:08:00 | INFO | repo=system-int | action=commit
2025-08-13 09:02:00 | DEBUG | repo=system-int | action=commit
2025-01-21 11:03:00 | DEBUG | repo=system-int | action=commit
2025-10-02 16:03:00 | INFO | repo=system-int | action=commit
2025-12-08 16:18:00 | WARN | repo=system-int | action=commit
2025-02-28 14:43:00 | DEBUG | repo=system-int | action=commit
2025-06-27 18:55:00 | DEBUG | repo=system-int | action=pull
2025-01-15 20:30:00 | INFO | repo=system-int | action=commit
2025-04-20 08:14:00 | WARN | repo=system-int | action=commit
2025-07-19 07:28:00 | WARN | repo=system-int | action=commit
2025-06-09 08:55:00 | INFO | repo=system-int | action=commit
2025-07-01 21:41:00 | WARN | repo=system-int | action=commit
2025-04-21 16:00:00 | DEBUG | repo=system-int | action=pull
2025-10-10 14:57:00 | INFO | repo=system-int | action=commit
2025-10-27 07:19:00 | DEBUG | repo=system-int | action=commit
2025-01-25 21:16:00 | WARN | repo=system-int | action=test | passed=true
2025-04-23 18:46:00 | INFO | repo=system-int | action=commit
2025-12-25 18:49:00 | DEBUG | repo=system-int | action=commit
2025-06-24 18:10:00 | DEBUG | repo=system-int | action=commit
2025-07-07 17:55:00 | DEBUG | repo=system-int | action=commit
2025-09-06 17:24:00 | WARN | repo=system-int | action=commit
2025-03-27 19:24:00 | WARN | repo=system-int | action=commit
2025-03-13 08:33:00 | INFO | repo=system-int | action=commit
2025-04-17 10:05:00 | INFO | repo=system-int | action=commit
